CCS PCM C Compiler, Version 5.015, 5967               22-Oct.-20 13:34

               Filename:   A:\TAREAS\VII CICLO\Microprocesadores\PROYECTO\SOFTWARE\CODIGO\mando.lst

               ROM used:   1462 words (18%)
                           Largest free fragment is 2048
               RAM used:   32 (9%) at main() level
                           46 (12%) worst case
               Stack used: 6 locations (5 in main + 1 for interrupts)
               Stack size: 8

*
0000:  MOVLW  02
0001:  MOVWF  0A
0002:  GOTO   2B5
0003:  NOP
0004:  MOVWF  7F
0005:  SWAPF  03,W
0006:  CLRF   03
0007:  MOVWF  21
0008:  MOVF   0A,W
0009:  MOVWF  20
000A:  CLRF   0A
000B:  MOVF   04,W
000C:  MOVWF  22
000D:  MOVF   77,W
000E:  MOVWF  23
000F:  MOVF   78,W
0010:  MOVWF  24
0011:  MOVF   79,W
0012:  MOVWF  25
0013:  MOVF   7A,W
0014:  MOVWF  26
0015:  BSF    03.6
0016:  MOVF   0D,W
0017:  BCF    03.6
0018:  MOVWF  27
0019:  BSF    03.6
001A:  MOVF   0F,W
001B:  BCF    03.6
001C:  MOVWF  28
001D:  BSF    03.6
001E:  MOVF   0C,W
001F:  BCF    03.6
0020:  MOVWF  29
0021:  BSF    03.6
0022:  MOVF   0E,W
0023:  BCF    03.6
0024:  MOVWF  2A
0025:  BCF    03.7
0026:  BCF    03.5
0027:  BTFSS  0B.5
0028:  GOTO   02B
0029:  BTFSC  0B.2
002A:  GOTO   050
002B:  BTFSS  0B.3
002C:  GOTO   02F
002D:  BTFSC  0B.0
002E:  GOTO   053
002F:  MOVF   22,W
0030:  MOVWF  04
0031:  MOVF   23,W
0032:  MOVWF  77
0033:  MOVF   24,W
0034:  MOVWF  78
0035:  MOVF   25,W
0036:  MOVWF  79
0037:  MOVF   26,W
0038:  MOVWF  7A
0039:  MOVF   27,W
003A:  BSF    03.6
003B:  MOVWF  0D
003C:  BCF    03.6
003D:  MOVF   28,W
003E:  BSF    03.6
003F:  MOVWF  0F
0040:  BCF    03.6
0041:  MOVF   29,W
0042:  BSF    03.6
0043:  MOVWF  0C
0044:  BCF    03.6
0045:  MOVF   2A,W
0046:  BSF    03.6
0047:  MOVWF  0E
0048:  BCF    03.6
0049:  MOVF   20,W
004A:  MOVWF  0A
004B:  SWAPF  21,W
004C:  MOVWF  03
004D:  SWAPF  7F,F
004E:  SWAPF  7F,W
004F:  RETFIE
0050:  BCF    0A.3
0051:  BCF    0A.4
0052:  GOTO   056
0053:  BCF    0A.3
0054:  BCF    0A.4
0055:  GOTO   06A
.................... #include <mando.h> 
.................... #include <16F877A.h> 
.................... //////////// Standard Header file for the PIC16F877A device //////////////// 
.................... /////////////////////////////////////////////////////////////////////////// 
.................... ////        (C) Copyright 1996, 2013 Custom Computer Services          //// 
.................... //// This source code may only be used by licensed users of the CCS C  //// 
.................... //// compiler.  This source code may only be distributed to other      //// 
.................... //// licensed users of the CCS C compiler.  No other use, reproduction //// 
.................... //// or distribution is permitted without written permission.          //// 
.................... //// Derivative programs created using this software in object code    //// 
.................... //// form are not restricted in any way.                               //// 
.................... /////////////////////////////////////////////////////////////////////////// 
.................... #device PIC16F877A 
*
0098:  DATA 0C,00
0099:  DATA 49,27
009A:  DATA 47,17
009B:  DATA A0,26
009C:  DATA C5,21
009D:  DATA 41,2A
009E:  DATA D2,27
009F:  DATA CE,24
00A0:  DATA C3,20
00A1:  DATA 0A,00
00A2:  DATA D3,24
00A3:  DATA 4E,10
00A4:  DATA C1,21
00A5:  DATA C3,24
00A6:  DATA 4F,27
00A7:  DATA 20,10
00A8:  DATA 20,10
00A9:  DATA 20,10
00AA:  DATA 00,01
00AB:  DATA 53,2A
00AC:  DATA 41,29
00AD:  DATA 54,10
00AE:  DATA 20,10
00AF:  DATA 20,10
00B0:  DATA 20,10
00B1:  DATA 20,10
00B2:  DATA 20,10
00B3:  DATA 00,01
00B4:  DATA D3,22
00B5:  DATA CC,22
00B6:  DATA 43,2A
00B7:  DATA 20,10
00B8:  DATA 20,10
00B9:  DATA 20,10
00BA:  DATA 20,10
00BB:  DATA 20,10
00BC:  DATA 00,01
00BD:  DATA 41,29
00BE:  DATA D2,24
00BF:  DATA C2,20
00C0:  DATA 20,10
00C1:  DATA 20,10
00C2:  DATA 20,10
00C3:  DATA 20,10
00C4:  DATA 20,10
00C5:  DATA 00,01
00C6:  DATA 41,21
00C7:  DATA 41,25
00C8:  DATA 4F,10
00C9:  DATA 20,10
00CA:  DATA 20,10
00CB:  DATA 20,10
00CC:  DATA 20,10
00CD:  DATA 20,10
00CE:  DATA 00,01
00CF:  DATA 2D,2C
00D0:  DATA 61,36
00D1:  DATA F4,30
00D2:  DATA 20,10
00D3:  DATA 00,01
00D4:  DATA 2D,2C
00D5:  DATA ED,32
00D6:  DATA E4,34
00D7:  DATA 61,10
00D8:  DATA 00,01
00D9:  DATA 2D,2C
00DA:  DATA E2,30
00DB:  DATA EA,30
00DC:  DATA 20,10
00DD:  DATA 00,01
00DE:  DATA 2D,2C
00DF:  DATA 5F,27
00E0:  DATA 4F,10
00E1:  DATA 20,10
00E2:  DATA 00,01
00E3:  DATA 2B,2C
00E4:  DATA E2,30
00E5:  DATA EA,30
00E6:  DATA 20,10
00E7:  DATA 00,01
00E8:  DATA 2B,2C
00E9:  DATA ED,32
00EA:  DATA E4,34
00EB:  DATA 61,10
00EC:  DATA 00,01
00ED:  DATA 2B,2C
00EE:  DATA 61,36
00EF:  DATA F4,30
00F0:  DATA 20,10
00F1:  DATA 00,01
00F2:  DATA AD,2C
00F3:  DATA 61,36
00F4:  DATA F4,30
00F5:  DATA 20,00
00F6:  DATA AD,2C
00F7:  DATA ED,32
00F8:  DATA E4,34
00F9:  DATA 61,00
00FA:  DATA AD,2C
00FB:  DATA E2,30
00FC:  DATA EA,30
00FD:  DATA 20,00
00FE:  DATA AD,2C
00FF:  DATA 5F,27
0100:  DATA 4F,10
0101:  DATA 20,00
0102:  DATA AB,2C
0103:  DATA E2,30
0104:  DATA EA,30
0105:  DATA 20,00
0106:  DATA AB,2C
0107:  DATA ED,32
0108:  DATA E4,34
0109:  DATA 61,00
010A:  DATA AB,2C
010B:  DATA 61,36
010C:  DATA F4,30
010D:  DATA 20,00
*
025F:  MOVF   0B,W
0260:  MOVWF  37
0261:  BCF    0B.7
0262:  BSF    03.5
0263:  BSF    03.6
0264:  BSF    0C.7
0265:  BSF    0C.0
0266:  NOP
0267:  NOP
0268:  BCF    03.5
0269:  BCF    03.6
026A:  BTFSC  37.7
026B:  BSF    0B.7
026C:  BSF    03.6
026D:  MOVF   0C,W
026E:  ANDLW  7F
026F:  BTFSC  03.2
0270:  GOTO   2B3
0271:  BCF    03.6
0272:  MOVWF  37
0273:  BSF    03.6
0274:  MOVF   0D,W
0275:  BCF    03.6
0276:  MOVWF  38
0277:  BSF    03.6
0278:  MOVF   0F,W
0279:  BCF    03.6
027A:  MOVWF  39
027B:  MOVF   37,W
027C:  MOVWF  3A
027D:  CALL   233
027E:  MOVF   38,W
027F:  BSF    03.6
0280:  MOVWF  0D
0281:  BCF    03.6
0282:  MOVF   39,W
0283:  BSF    03.6
0284:  MOVWF  0F
0285:  BCF    03.6
0286:  MOVF   0B,W
0287:  MOVWF  3A
0288:  BCF    0B.7
0289:  BSF    03.5
028A:  BSF    03.6
028B:  BSF    0C.7
028C:  BSF    0C.0
028D:  NOP
028E:  NOP
028F:  BCF    03.5
0290:  BCF    03.6
0291:  BTFSC  3A.7
0292:  BSF    0B.7
0293:  BSF    03.6
0294:  RLF    0C,W
0295:  RLF    0E,W
0296:  ANDLW  7F
0297:  BTFSC  03.2
0298:  GOTO   2B3
0299:  BCF    03.6
029A:  MOVWF  37
029B:  BSF    03.6
029C:  MOVF   0D,W
029D:  BCF    03.6
029E:  MOVWF  38
029F:  BSF    03.6
02A0:  MOVF   0F,W
02A1:  BCF    03.6
02A2:  MOVWF  39
02A3:  MOVF   37,W
02A4:  MOVWF  3A
02A5:  CALL   233
02A6:  MOVF   38,W
02A7:  BSF    03.6
02A8:  MOVWF  0D
02A9:  BCF    03.6
02AA:  MOVF   39,W
02AB:  BSF    03.6
02AC:  MOVWF  0F
02AD:  INCF   0D,F
02AE:  BTFSC  03.2
02AF:  INCF   0F,F
02B0:  BCF    03.6
02B1:  GOTO   25F
02B2:  BSF    03.6
02B3:  BCF    03.6
02B4:  RETURN
*
05AC:  BSF    0A.0
05AD:  BCF    0A.1
05AE:  BSF    0A.2
05AF:  ADDWF  02,F
05B0:  GOTO   4AA
05B1:  GOTO   4BA
05B2:  GOTO   4CB
05B3:  GOTO   4DC
05B4:  GOTO   4ED
05B5:  GOTO   4FE
....................  
.................... #list 
....................  
.................... #device ADC=10 
....................  
.................... #FUSES NOWDT                    //No Watch Dog Timer 
.................... #FUSES NOBROWNOUT               //No brownout reset 
.................... #FUSES NOLVP                    //No low voltage prgming, B3(PIC16) or B5(PIC18) used for I/O 
....................  
.................... #use delay(crystal=4000000) 
*
010E:  MOVLW  3C
010F:  MOVWF  04
0110:  BCF    03.7
0111:  MOVF   00,W
0112:  BTFSC  03.2
0113:  GOTO   122
0114:  MOVLW  01
0115:  MOVWF  78
0116:  CLRF   77
0117:  DECFSZ 77,F
0118:  GOTO   117
0119:  DECFSZ 78,F
011A:  GOTO   116
011B:  MOVLW  4A
011C:  MOVWF  77
011D:  DECFSZ 77,F
011E:  GOTO   11D
011F:  GOTO   120
0120:  DECFSZ 00,F
0121:  GOTO   114
0122:  RETURN
.................... #use rs232(baud = 9600, xmit = PIN_C6, rcv = PIN_C7, bits = 8,parity = N, stream = PORT1) //PARA TRANSMITIR 
....................  
....................  
....................  
.................... #define LCD_ENABLE_PIN PIN_E0 
.................... #define LCD_RS_PIN PIN_E1 
.................... #define LCD_RW_PIN PIN_E2 
.................... #define LCD_DATA4 PIN_D4 
.................... #define LCD_DATA5 PIN_D5 
.................... #define LCD_DATA6 PIN_D6 
.................... #define LCD_DATA7 PIN_D7 
....................  
.................... #include "lcd.c" 
.................... ///////////////////////////////////////////////////////////////////////////////  
.................... ////                             LCD.C                                     //// 
.................... ////                 Driver for common LCD modules                         //// 
.................... ////                                                                       //// 
.................... ////  lcd_init()   Must be called before any other function.               //// 
.................... ////                                                                       //// 
.................... ////  lcd_putc(c)  Will display c on the next position of the LCD.         //// 
.................... ////                 \a  Set cursor position to upper left                 //// 
.................... ////                 \f  Clear display, set cursor to upper left           //// 
.................... ////                 \n  Go to start of second line                        //// 
.................... ////                 \b  Move back one position                            //// 
.................... ////              If LCD_EXTENDED_NEWLINE is defined, the \n character     //// 
.................... ////              will erase all remanining characters on the current      //// 
.................... ////              line, and move the cursor to the beginning of the next   //// 
.................... ////              line.                                                    //// 
.................... ////              If LCD_EXTENDED_NEWLINE is defined, the \r character     //// 
.................... ////              will move the cursor to the start of the current         //// 
.................... ////              line.                                                    //// 
.................... ////                                                                       //// 
.................... ////  lcd_gotoxy(x,y) Set write position on LCD (upper left is 1,1)        //// 
.................... ////                                                                       //// 
.................... ////  lcd_getc(x,y)   Returns character at position x,y on LCD             //// 
.................... ////                                                                       //// 
.................... ////  lcd_cursor_on(int1 on)   Turn the cursor on (on=TRUE) or off         //// 
.................... ////              (on=FALSE).                                              //// 
.................... ////                                                                       //// 
.................... ////  lcd_set_cgram_char(w, *p)   Write a custom character to the CGRAM.   //// 
.................... ////                                                                       //// 
.................... ////                                                                       //// 
.................... ////  CONFIGURATION                                                        //// 
.................... ////  The LCD can be configured in one of two ways: a.) port access or     //// 
.................... ////  b.) pin access.  Port access requires the entire 7 bit interface     //// 
.................... ////  connected to one GPIO port, and the data bits (D4:D7 of the LCD)     //// 
.................... ////  connected to sequential pins on the GPIO.  Pin access                //// 
.................... ////  has no requirements, all 7 bits of the control interface can         //// 
.................... ////  can be connected to any GPIO using several ports.                    //// 
.................... ////                                                                       //// 
.................... ////  To use port access, #define LCD_DATA_PORT to the SFR location of     //// 
.................... ////  of the GPIO port that holds the interface, -AND- edit LCD_PIN_MAP    //// 
.................... ////  of this file to configure the pin order.  If you are using a         //// 
.................... ////  baseline PIC (PCB), then LCD_OUTPUT_MAP and LCD_INPUT_MAP also must  //// 
.................... ////  be defined.                                                          //// 
.................... ////                                                                       //// 
.................... ////  Example of port access:                                              //// 
.................... ////     #define LCD_DATA_PORT getenv("SFR:PORTD")                         //// 
.................... ////                                                                       //// 
.................... ////  To use pin access, the following pins must be defined:               //// 
.................... ////     LCD_ENABLE_PIN                                                    //// 
.................... ////     LCD_RS_PIN                                                        //// 
.................... ////     LCD_RW_PIN                                                        //// 
.................... ////     LCD_DATA4                                                         //// 
.................... ////     LCD_DATA5                                                         //// 
.................... ////     LCD_DATA6                                                         //// 
.................... ////     LCD_DATA7                                                         //// 
.................... ////                                                                       //// 
.................... ////  Example of pin access:                                               //// 
.................... ////     #define LCD_ENABLE_PIN  PIN_E0                                    //// 
.................... ////     #define LCD_RS_PIN      PIN_E1                                    //// 
.................... ////     #define LCD_RW_PIN      PIN_E2                                    //// 
.................... ////     #define LCD_DATA4       PIN_D4                                    //// 
.................... ////     #define LCD_DATA5       PIN_D5                                    //// 
.................... ////     #define LCD_DATA6       PIN_D6                                    //// 
.................... ////     #define LCD_DATA7       PIN_D7                                    //// 
.................... ////                                                                       //// 
.................... /////////////////////////////////////////////////////////////////////////////// 
.................... ////        (C) Copyright 1996,2010 Custom Computer Services           //// 
.................... //// This source code may only be used by licensed users of the CCS C  //// 
.................... //// compiler.  This source code may only be distributed to other      //// 
.................... //// licensed users of the CCS C compiler.  No other use, reproduction //// 
.................... //// or distribution is permitted without written permission.          //// 
.................... //// Derivative programs created using this software in object code    //// 
.................... //// form are not restricted in any way.                               //// 
.................... /////////////////////////////////////////////////////////////////////////// 
....................  
.................... #ifndef __LCD_C__ 
.................... #define __LCD_C__ 
....................  
.................... // define the pinout. 
.................... // only required if port access is being used. 
.................... typedef struct   
.................... {                            // This structure is overlayed 
....................    int1 enable;           // on to an I/O port to gain 
....................    int1 rs;               // access to the LCD pins. 
....................    int1 rw;               // The bits are allocated from 
....................    int1 unused;           // low order up.  ENABLE will 
....................    unsigned int     data : 4;         // be LSB pin of that port. 
....................   #if defined(__PCD__)       // The port used will be LCD_DATA_PORT. 
....................    unsigned int    reserved: 8; 
....................   #endif 
.................... } LCD_PIN_MAP; 
....................  
.................... // this is to improve compatability with previous LCD drivers that accepted 
.................... // a define labeled 'use_portb_lcd' that configured the LCD onto port B. 
.................... #if ((defined(use_portb_lcd)) && (use_portb_lcd==TRUE)) 
....................  #define LCD_DATA_PORT getenv("SFR:PORTB") 
.................... #endif 
....................  
.................... #if defined(__PCB__) 
....................    // these definitions only need to be modified for baseline PICs. 
....................    // all other PICs use LCD_PIN_MAP or individual LCD_xxx pin definitions. 
.................... /*                                    EN, RS,   RW,   UNUSED,  DATA  */ 
....................  const LCD_PIN_MAP LCD_OUTPUT_MAP =  {0,  0,    0,    0,       0}; 
....................  const LCD_PIN_MAP LCD_INPUT_MAP =   {0,  0,    0,    0,       0xF}; 
.................... #endif 
....................  
.................... ////////////////////// END CONFIGURATION /////////////////////////////////// 
....................  
.................... #ifndef LCD_ENABLE_PIN 
....................    #define lcd_output_enable(x) lcdlat.enable=x 
....................    #define lcd_enable_tris()   lcdtris.enable=0 
.................... #else 
....................    #define lcd_output_enable(x) output_bit(LCD_ENABLE_PIN, x) 
....................    #define lcd_enable_tris()  output_drive(LCD_ENABLE_PIN) 
.................... #endif 
....................  
.................... #ifndef LCD_RS_PIN 
....................    #define lcd_output_rs(x) lcdlat.rs=x 
....................    #define lcd_rs_tris()   lcdtris.rs=0 
.................... #else 
....................    #define lcd_output_rs(x) output_bit(LCD_RS_PIN, x) 
....................    #define lcd_rs_tris()  output_drive(LCD_RS_PIN) 
.................... #endif 
....................  
.................... #ifndef LCD_RW_PIN 
....................    #define lcd_output_rw(x) lcdlat.rw=x 
....................    #define lcd_rw_tris()   lcdtris.rw=0 
.................... #else 
....................    #define lcd_output_rw(x) output_bit(LCD_RW_PIN, x) 
....................    #define lcd_rw_tris()  output_drive(LCD_RW_PIN) 
.................... #endif 
....................  
.................... // original version of this library incorrectly labeled LCD_DATA0 as LCD_DATA4, 
.................... // LCD_DATA1 as LCD_DATA5, and so on.  this block of code makes the driver 
.................... // compatible with any code written for the original library 
.................... #if (defined(LCD_DATA0) && defined(LCD_DATA1) && defined(LCD_DATA2) && defined(LCD_DATA3) && !defined(LCD_DATA4) && !defined(LCD_DATA5) && !defined(LCD_DATA6) && !defined(LCD_DATA7)) 
....................    #define  LCD_DATA4    LCD_DATA0 
....................    #define  LCD_DATA5    LCD_DATA1 
....................    #define  LCD_DATA6    LCD_DATA2 
....................    #define  LCD_DATA7    LCD_DATA3 
.................... #endif 
....................  
.................... #ifndef LCD_DATA4 
.................... #ifndef LCD_DATA_PORT 
....................    #if defined(__PCB__) 
....................       #define LCD_DATA_PORT      0x06     //portb 
....................       #define set_tris_lcd(x)   set_tris_b(x) 
....................    #else 
....................      #if defined(PIN_D0) 
....................       #define LCD_DATA_PORT      getenv("SFR:PORTD")     //portd 
....................      #else 
....................       #define LCD_DATA_PORT      getenv("SFR:PORTB")     //portb 
....................      #endif 
....................    #endif    
.................... #endif 
....................  
.................... #if defined(__PCB__) 
....................    LCD_PIN_MAP lcd, lcdlat; 
....................    #byte lcd = LCD_DATA_PORT 
....................    #byte lcdlat = LCD_DATA_PORT 
.................... #elif defined(__PCM__) 
....................    LCD_PIN_MAP lcd, lcdlat, lcdtris; 
....................    #byte lcd = LCD_DATA_PORT 
....................    #byte lcdlat = LCD_DATA_PORT 
....................    #byte lcdtris = LCD_DATA_PORT+0x80 
.................... #elif defined(__PCH__) 
....................    LCD_PIN_MAP lcd, lcdlat, lcdtris; 
....................    #byte lcd = LCD_DATA_PORT 
....................    #byte lcdlat = LCD_DATA_PORT+9 
....................    #byte lcdtris = LCD_DATA_PORT+0x12 
.................... #elif defined(__PCD__) 
....................    LCD_PIN_MAP lcd, lcdlat, lcdtris; 
....................    #word lcd = LCD_DATA_PORT 
....................    #word lcdlat = LCD_DATA_PORT+2 
....................    #word lcdtris = LCD_DATA_PORT-0x02 
.................... #endif 
.................... #endif   //LCD_DATA4 not defined 
....................  
.................... #ifndef LCD_TYPE 
....................    #define LCD_TYPE 2           // 0=5x7, 1=5x10, 2=2 lines 
.................... #endif 
....................  
.................... #ifndef LCD_LINE_TWO 
....................    #define LCD_LINE_TWO 0x40    // LCD RAM address for the second line 
.................... #endif 
....................  
.................... #ifndef LCD_LINE_LENGTH 
....................    #define LCD_LINE_LENGTH 20 
.................... #endif 
....................  
.................... unsigned int8 lcd_read_nibble(void); 
....................  
.................... unsigned int8 lcd_read_byte(void) 
.................... { 
....................    unsigned int8 low,high; 
....................  
....................  #if defined(__PCB__) 
....................    set_tris_lcd(LCD_INPUT_MAP); 
....................  #else 
....................   #if (defined(LCD_DATA4) && defined(LCD_DATA5) && defined(LCD_DATA6) && defined(LCD_DATA7)) 
....................    output_float(LCD_DATA4); 
*
0187:  BSF    08.4
....................    output_float(LCD_DATA5); 
0188:  BSF    08.5
....................    output_float(LCD_DATA6); 
0189:  BSF    08.6
....................    output_float(LCD_DATA7); 
018A:  BSF    08.7
....................   #else 
....................    lcdtris.data = 0xF; 
....................   #endif 
....................  #endif 
....................          
....................    lcd_output_rw(1); 
018B:  BCF    03.5
018C:  BSF    09.2
018D:  BSF    03.5
018E:  BCF    09.2
....................    delay_cycles(1); 
018F:  NOP
....................    lcd_output_enable(1); 
0190:  BCF    03.5
0191:  BSF    09.0
0192:  BSF    03.5
0193:  BCF    09.0
....................    delay_cycles(1); 
0194:  NOP
....................    high = lcd_read_nibble(); 
0195:  BCF    03.5
0196:  CALL   14E
0197:  MOVF   78,W
0198:  MOVWF  42
....................        
....................    lcd_output_enable(0); 
0199:  BCF    09.0
019A:  BSF    03.5
019B:  BCF    09.0
....................    delay_cycles(1); 
019C:  NOP
....................    lcd_output_enable(1); 
019D:  BCF    03.5
019E:  BSF    09.0
019F:  BSF    03.5
01A0:  BCF    09.0
....................    delay_us(1); 
01A1:  NOP
....................    low = lcd_read_nibble(); 
01A2:  BCF    03.5
01A3:  CALL   14E
01A4:  MOVF   78,W
01A5:  MOVWF  41
....................        
....................    lcd_output_enable(0); 
01A6:  BCF    09.0
01A7:  BSF    03.5
01A8:  BCF    09.0
....................  
....................  #if defined(__PCB__) 
....................    set_tris_lcd(LCD_OUTPUT_MAP); 
....................  #else 
....................   #if (defined(LCD_DATA4) && defined(LCD_DATA5) && defined(LCD_DATA6) && defined(LCD_DATA7)) 
....................    output_drive(LCD_DATA4); 
01A9:  BCF    08.4
....................    output_drive(LCD_DATA5); 
01AA:  BCF    08.5
....................    output_drive(LCD_DATA6); 
01AB:  BCF    08.6
....................    output_drive(LCD_DATA7); 
01AC:  BCF    08.7
....................   #else 
....................    lcdtris.data = 0x0; 
....................   #endif 
....................  #endif 
....................  
....................    return( (high<<4) | low); 
01AD:  BCF    03.5
01AE:  SWAPF  42,W
01AF:  MOVWF  77
01B0:  MOVLW  F0
01B1:  ANDWF  77,F
01B2:  MOVF   77,W
01B3:  IORWF  41,W
01B4:  MOVWF  78
.................... } 
....................  
.................... unsigned int8 lcd_read_nibble(void) 
.................... { 
....................   #if (defined(LCD_DATA4) && defined(LCD_DATA5) && defined(LCD_DATA6) && defined(LCD_DATA7)) 
*
014E:  CLRF   43
....................    unsigned int8 n = 0x00; 
....................  
....................    /* Read the data port */ 
....................    n |= input(LCD_DATA4); 
014F:  BSF    03.5
0150:  BSF    08.4
0151:  MOVLW  00
0152:  BCF    03.5
0153:  BTFSC  08.4
0154:  MOVLW  01
0155:  IORWF  43,F
....................    n |= input(LCD_DATA5) << 1; 
0156:  BSF    03.5
0157:  BSF    08.5
0158:  MOVLW  00
0159:  BCF    03.5
015A:  BTFSC  08.5
015B:  MOVLW  01
015C:  MOVWF  77
015D:  BCF    03.0
015E:  RLF    77,F
015F:  MOVF   77,W
0160:  IORWF  43,F
....................    n |= input(LCD_DATA6) << 2; 
0161:  BSF    03.5
0162:  BSF    08.6
0163:  MOVLW  00
0164:  BCF    03.5
0165:  BTFSC  08.6
0166:  MOVLW  01
0167:  MOVWF  77
0168:  RLF    77,F
0169:  RLF    77,F
016A:  MOVLW  FC
016B:  ANDWF  77,F
016C:  MOVF   77,W
016D:  IORWF  43,F
....................    n |= input(LCD_DATA7) << 3; 
016E:  BSF    03.5
016F:  BSF    08.7
0170:  MOVLW  00
0171:  BCF    03.5
0172:  BTFSC  08.7
0173:  MOVLW  01
0174:  MOVWF  77
0175:  RLF    77,F
0176:  RLF    77,F
0177:  RLF    77,F
0178:  MOVLW  F8
0179:  ANDWF  77,F
017A:  MOVF   77,W
017B:  IORWF  43,F
....................     
....................    return(n); 
017C:  MOVF   43,W
017D:  MOVWF  78
....................   #else 
017E:  RETURN
....................    return(lcd.data); 
....................   #endif 
.................... } 
....................  
.................... void lcd_send_nibble(unsigned int8 n) 
.................... { 
....................   #if (defined(LCD_DATA4) && defined(LCD_DATA5) && defined(LCD_DATA6) && defined(LCD_DATA7)) 
....................    /* Write to the data port */ 
....................    output_bit(LCD_DATA4, bit_test(n, 0)); 
*
0123:  BTFSC  42.0
0124:  GOTO   127
0125:  BCF    08.4
0126:  GOTO   128
0127:  BSF    08.4
0128:  BSF    03.5
0129:  BCF    08.4
....................    output_bit(LCD_DATA5, bit_test(n, 1)); 
012A:  BCF    03.5
012B:  BTFSC  42.1
012C:  GOTO   12F
012D:  BCF    08.5
012E:  GOTO   130
012F:  BSF    08.5
0130:  BSF    03.5
0131:  BCF    08.5
....................    output_bit(LCD_DATA6, bit_test(n, 2)); 
0132:  BCF    03.5
0133:  BTFSC  42.2
0134:  GOTO   137
0135:  BCF    08.6
0136:  GOTO   138
0137:  BSF    08.6
0138:  BSF    03.5
0139:  BCF    08.6
....................    output_bit(LCD_DATA7, bit_test(n, 3)); 
013A:  BCF    03.5
013B:  BTFSC  42.3
013C:  GOTO   13F
013D:  BCF    08.7
013E:  GOTO   140
013F:  BSF    08.7
0140:  BSF    03.5
0141:  BCF    08.7
....................   #else       
....................    lcdlat.data = n; 
....................   #endif 
....................        
....................    delay_cycles(1); 
0142:  NOP
....................    lcd_output_enable(1); 
0143:  BCF    03.5
0144:  BSF    09.0
0145:  BSF    03.5
0146:  BCF    09.0
....................    delay_us(2); 
0147:  GOTO   148
....................    lcd_output_enable(0); 
0148:  BCF    03.5
0149:  BCF    09.0
014A:  BSF    03.5
014B:  BCF    09.0
014C:  BCF    03.5
014D:  RETURN
.................... } 
....................  
.................... void lcd_send_byte(unsigned int8 address, unsigned int8 n) 
.................... { 
....................   #if defined(__PCB__) 
....................    set_tris_lcd(LCD_OUTPUT_MAP); 
....................   #else 
....................    lcd_enable_tris(); 
*
017F:  BSF    03.5
0180:  BCF    09.0
....................    lcd_rs_tris(); 
0181:  BCF    09.1
....................    lcd_rw_tris(); 
0182:  BCF    09.2
....................   #endif 
....................  
....................    lcd_output_rs(0); 
0183:  BCF    03.5
0184:  BCF    09.1
0185:  BSF    03.5
0186:  BCF    09.1
....................    while ( bit_test(lcd_read_byte(),7) ) ; 
*
01B5:  MOVF   78,W
01B6:  MOVWF  41
01B7:  BTFSS  41.7
01B8:  GOTO   1BB
01B9:  BSF    03.5
01BA:  GOTO   187
....................    lcd_output_rs(address); 
01BB:  MOVF   3F,F
01BC:  BTFSS  03.2
01BD:  GOTO   1C0
01BE:  BCF    09.1
01BF:  GOTO   1C1
01C0:  BSF    09.1
01C1:  BSF    03.5
01C2:  BCF    09.1
....................    delay_cycles(1); 
01C3:  NOP
....................    lcd_output_rw(0); 
01C4:  BCF    03.5
01C5:  BCF    09.2
01C6:  BSF    03.5
01C7:  BCF    09.2
....................    delay_cycles(1); 
01C8:  NOP
....................    lcd_output_enable(0); 
01C9:  BCF    03.5
01CA:  BCF    09.0
01CB:  BSF    03.5
01CC:  BCF    09.0
....................    lcd_send_nibble(n >> 4); 
01CD:  BCF    03.5
01CE:  SWAPF  40,W
01CF:  MOVWF  41
01D0:  MOVLW  0F
01D1:  ANDWF  41,F
01D2:  MOVF   41,W
01D3:  MOVWF  42
01D4:  CALL   123
....................    lcd_send_nibble(n & 0xf); 
01D5:  MOVF   40,W
01D6:  ANDLW  0F
01D7:  MOVWF  41
01D8:  MOVWF  42
01D9:  CALL   123
01DA:  RETURN
.................... } 
....................  
.................... #if defined(LCD_EXTENDED_NEWLINE) 
.................... unsigned int8 g_LcdX, g_LcdY; 
.................... #endif 
....................  
.................... void lcd_init(void)  
.................... { 
....................    unsigned int8 i; 
....................    unsigned int8 LCD_INIT_STRING[4] = {0x20 | (LCD_TYPE << 2), 0xc, 1, 6}; 
01DB:  MOVLW  28
01DC:  MOVWF  38
01DD:  MOVLW  0C
01DE:  MOVWF  39
01DF:  MOVLW  01
01E0:  MOVWF  3A
01E1:  MOVLW  06
01E2:  MOVWF  3B
....................                              // These bytes need to be sent to the LCD 
....................                              // to start it up. 
....................     
....................  
....................    lcd_output_enable(0); 
01E3:  BCF    09.0
01E4:  BSF    03.5
01E5:  BCF    09.0
....................    lcd_output_rs(0); 
01E6:  BCF    03.5
01E7:  BCF    09.1
01E8:  BSF    03.5
01E9:  BCF    09.1
....................    lcd_output_rw(0); 
01EA:  BCF    03.5
01EB:  BCF    09.2
01EC:  BSF    03.5
01ED:  BCF    09.2
....................  
....................  #if defined(__PCB__) 
....................    set_tris_lcd(LCD_OUTPUT_MAP); 
....................  #else 
....................   #if (defined(LCD_DATA4) && defined(LCD_DATA5) && defined(LCD_DATA6) && defined(LCD_DATA7)) 
....................    output_drive(LCD_DATA4); 
01EE:  BCF    08.4
....................    output_drive(LCD_DATA5); 
01EF:  BCF    08.5
....................    output_drive(LCD_DATA6); 
01F0:  BCF    08.6
....................    output_drive(LCD_DATA7); 
01F1:  BCF    08.7
....................   #else 
....................    lcdtris.data = 0x0; 
....................   #endif 
....................    lcd_enable_tris(); 
01F2:  BCF    09.0
....................    lcd_rs_tris(); 
01F3:  BCF    09.1
....................    lcd_rw_tris(); 
01F4:  BCF    09.2
....................  #endif 
....................      
....................    delay_ms(15); 
01F5:  MOVLW  0F
01F6:  BCF    03.5
01F7:  MOVWF  3C
01F8:  CALL   10E
....................    for(i=1;i<=3;++i) 
01F9:  MOVLW  01
01FA:  MOVWF  37
01FB:  MOVF   37,W
01FC:  SUBLW  03
01FD:  BTFSS  03.0
01FE:  GOTO   207
....................    { 
....................        lcd_send_nibble(3); 
01FF:  MOVLW  03
0200:  MOVWF  42
0201:  CALL   123
....................        delay_ms(5); 
0202:  MOVLW  05
0203:  MOVWF  3C
0204:  CALL   10E
0205:  INCF   37,F
0206:  GOTO   1FB
....................    } 
....................     
....................    lcd_send_nibble(2); 
0207:  MOVLW  02
0208:  MOVWF  42
0209:  CALL   123
....................    delay_ms(5); 
020A:  MOVLW  05
020B:  MOVWF  3C
020C:  CALL   10E
....................    for(i=0;i<=3;++i) 
020D:  CLRF   37
020E:  MOVF   37,W
020F:  SUBLW  03
0210:  BTFSS  03.0
0211:  GOTO   21E
....................       lcd_send_byte(0,LCD_INIT_STRING[i]); 
0212:  MOVLW  38
0213:  ADDWF  37,W
0214:  MOVWF  04
0215:  BCF    03.7
0216:  MOVF   00,W
0217:  MOVWF  3C
0218:  CLRF   3F
0219:  MOVF   3C,W
021A:  MOVWF  40
021B:  CALL   17F
....................  
....................   #if defined(LCD_EXTENDED_NEWLINE) 
021C:  INCF   37,F
021D:  GOTO   20E
021E:  BCF    0A.3
021F:  BCF    0A.4
0220:  GOTO   2FE (RETURN)
....................    g_LcdX = 0; 
....................    g_LcdY = 0; 
....................   #endif 
.................... } 
....................  
.................... void lcd_gotoxy(unsigned int8 x, unsigned int8 y) 
.................... { 
....................    unsigned int8 address; 
....................     
....................    if(y!=1) 
0221:  DECFSZ 3C,W
0222:  GOTO   224
0223:  GOTO   227
....................       address=LCD_LINE_TWO; 
0224:  MOVLW  40
0225:  MOVWF  3D
0226:  GOTO   228
....................    else 
....................       address=0; 
0227:  CLRF   3D
....................       
....................    address+=x-1; 
0228:  MOVLW  01
0229:  SUBWF  3B,W
022A:  ADDWF  3D,F
....................    lcd_send_byte(0,0x80|address); 
022B:  MOVF   3D,W
022C:  IORLW  80
022D:  MOVWF  3E
022E:  CLRF   3F
022F:  MOVF   3E,W
0230:  MOVWF  40
0231:  CALL   17F
....................  
....................   #if defined(LCD_EXTENDED_NEWLINE) 
0232:  RETURN
....................    g_LcdX = x - 1; 
....................    g_LcdY = y - 1; 
....................   #endif 
.................... } 
....................  
.................... void lcd_putc(char c) 
.................... { 
....................    switch (c) 
0233:  MOVF   3A,W
0234:  XORLW  07
0235:  BTFSC  03.2
0236:  GOTO   241
0237:  XORLW  0B
0238:  BTFSC  03.2
0239:  GOTO   246
023A:  XORLW  06
023B:  BTFSC  03.2
023C:  GOTO   24E
023D:  XORLW  02
023E:  BTFSC  03.2
023F:  GOTO   254
0240:  GOTO   259
....................    { 
....................       case '\a'   :  lcd_gotoxy(1,1);     break; 
0241:  MOVLW  01
0242:  MOVWF  3B
0243:  MOVWF  3C
0244:  CALL   221
0245:  GOTO   25E
....................  
....................       case '\f'   :  lcd_send_byte(0,1); 
0246:  CLRF   3F
0247:  MOVLW  01
0248:  MOVWF  40
0249:  CALL   17F
....................                      delay_ms(2); 
024A:  MOVLW  02
024B:  MOVWF  3C
024C:  CALL   10E
....................                     #if defined(LCD_EXTENDED_NEWLINE) 
....................                      g_LcdX = 0; 
....................                      g_LcdY = 0; 
....................                     #endif 
....................                      break; 
024D:  GOTO   25E
....................  
....................      #if defined(LCD_EXTENDED_NEWLINE) 
....................       case '\r'   :  lcd_gotoxy(1, g_LcdY+1);   break; 
....................       case '\n'   : 
....................          while (g_LcdX++ < LCD_LINE_LENGTH) 
....................          { 
....................             lcd_send_byte(1, ' '); 
....................          } 
....................          lcd_gotoxy(1, g_LcdY+2); 
....................          break; 
....................      #else 
....................       case '\n'   : lcd_gotoxy(1,2);        break; 
024E:  MOVLW  01
024F:  MOVWF  3B
0250:  MOVLW  02
0251:  MOVWF  3C
0252:  CALL   221
0253:  GOTO   25E
....................      #endif 
....................       
....................       case '\b'   : lcd_send_byte(0,0x10);  break; 
0254:  CLRF   3F
0255:  MOVLW  10
0256:  MOVWF  40
0257:  CALL   17F
0258:  GOTO   25E
....................       
....................      #if defined(LCD_EXTENDED_NEWLINE) 
....................       default     :  
....................          if (g_LcdX < LCD_LINE_LENGTH) 
....................          { 
....................             lcd_send_byte(1, c); 
....................             g_LcdX++; 
....................          } 
....................          break; 
....................      #else 
....................       default     : lcd_send_byte(1,c);     break; 
0259:  MOVLW  01
025A:  MOVWF  3F
025B:  MOVF   3A,W
025C:  MOVWF  40
025D:  CALL   17F
....................      #endif 
....................    } 
025E:  RETURN
.................... } 
....................   
.................... char lcd_getc(unsigned int8 x, unsigned int8 y) 
.................... { 
....................    char value; 
....................  
....................    lcd_gotoxy(x,y); 
....................    while ( bit_test(lcd_read_byte(),7) ); // wait until busy flag is low 
....................    lcd_output_rs(1); 
....................    value = lcd_read_byte(); 
....................    lcd_output_rs(0); 
....................     
....................    return(value); 
.................... } 
....................  
.................... // write a custom character to the ram 
.................... // which is 0-7 and specifies which character array we are modifying. 
.................... // ptr points to an array of 8 bytes, where each byte is the next row of 
.................... //    pixels.  only bits 0-4 are used.  the last row is the cursor row, and 
.................... //    usually you will want to leave this byte 0x00. 
.................... void lcd_set_cgram_char(unsigned int8 which, unsigned int8 *ptr) 
.................... { 
....................    unsigned int i; 
....................  
....................    which <<= 3; 
....................    which &= 0x38; 
....................  
....................    lcd_send_byte(0, 0x40 | which);  //set cgram address 
....................  
....................    for(i=0; i<8; i++) 
....................    { 
....................       lcd_send_byte(1, *ptr++); 
....................    } 
....................    
....................    #if defined(LCD_EXTENDED_NEWLINE) 
....................     lcd_gotoxy(g_LcdX+1, g_LcdY+1);  //set ddram address 
....................    #endif 
.................... } 
....................  
.................... void lcd_cursor_on(int1 on) 
.................... { 
....................    if (on) 
....................    { 
....................       lcd_send_byte(0,0x0F);           //turn LCD cursor ON 
....................    } 
....................    else 
....................    { 
....................       lcd_send_byte(0,0x0C);           //turn LCD cursor OFF 
....................    } 
.................... } 
....................  
.................... #endif 
....................  
....................  
.................... //PERMITIR USAR LOS PUERTOS A, B, C, D Y E 
.................... #use fast_io(A) 
.................... #use fast_io(B) 
.................... #use fast_io(C) 
.................... #use fast_io(D) 
.................... #use fast_io(E) 
....................  
.................... //VARIABLES DE ESTADO DEL MANDO 
.................... #define IDLE         0 
.................... #define START        1 
.................... #define SELECT       2 
.................... #define ARRIBA       3 
.................... #define ABAJO        4 
.................... #define JOYSTICK     5 
....................  
.................... //VARIABLES A USAR EL PROGRAMA 
.................... int8 cargaTMR0 = 61;          //GUARDA LA CARGA DEL TMR0 PARA CONSEGUIR 0.05 s CON UN DESBORDAMIENTO 
.................... int8 tick = 0;                //GUARDA CUANTAS TEMPORIZACIONES HAN PASADO DESDE INICIADO EL CONTEO 
....................  
.................... int8 x = 16;                  //GUARDA EN QUE POSICIÓN DEBE PONERSE EL TÍTULO EN EL PRIMER RENGLÓN 
.................... int1 borrado = 0;             //GUARDA SI EL TÍTULO YA HA SIDO BORRADO O NO, PARA EL REINICIO DEL MOVIMIENTO 
....................  
.................... int16 joyX = 0;               //GUARDA EN QUE POSICIÓN DE X ESTÁ EL JOYSTICK 
.................... int16 joyY = 0;               //GUARDA EN QUE POSICIÓN DE Y ESTÁ EL JOYSTICK 
.................... signed int8  estadoJoyX = 0;  //GUARDA LA VELOCIDAD EN EL EJE X GENERADO POR EL JOYSTICK  
.................... signed int8  estadoJoyY = 0;  //GUARDA LA VELOCIDAD EN EL EJE Y GENERADO POR EL JOYSTICK 
.................... int8 posJoystick = 0;       //GUARDA EN CONJUNTO EN QUE VELOCIDADES ESTÁ EN X E Y 
....................  
.................... int1 estadoB4 = 1;            //GUARDA EL ESTADO ACTUAL DEL PIN RB4 (EMPIEZA EN 1 = SIN PRESIONAR) 
.................... int1 estadoB5 = 1;            //GUARDA EL ESTADO ACTUAL DEL PIN RB5 (EMPIEZA EN 1 = SIN PRESIONAR) 
.................... int1 estadoB6 = 1;            //GUARDA EL ESTADO ACTUAL DEL PIN RB6 (EMPIEZA EN 1 = SIN PRESIONAR) 
.................... int1 estadoB7 = 1;            //GUARDA EL ESTADO ACTUAL DEL PIN RB7 (EMPIEZA EN 1 = SIN PRESIONAR) 
....................  
.................... int8 estadoMando = 0;         //GUARDA EL ESTADO DEL MANDO SEGÚN EL BOTÓN PRESIONADO 
....................  
.................... //INTERRUPCIÓN POR TMR0 PARA APAGAR UN LED DE PRESIONADO UN BOTÓN 
.................... #INT_RTCC 
.................... void moverTitulo(void)  
.................... { 
....................    //CADA 10 TEMPORIZACIONES (0.5 s) MOVER EL TÍTULO A LA IZQUIERDA 
....................    tick++; 
*
0056:  INCF   2C,F
....................    if(tick == 10){ 
0057:  MOVF   2C,W
0058:  SUBLW  0A
0059:  BTFSS  03.2
005A:  GOTO   064
....................       tick = 0;               //REINICIAR EL CONTEO DE 0.5 s  
005B:  CLRF   2C
....................       if(x == 1){ 
005C:  DECFSZ 2D,W
005D:  GOTO   062
....................          x = 16;              //PONER EL TÍTULO AL INICIO 
005E:  MOVLW  10
005F:  MOVWF  2D
....................          borrado = 0; 
0060:  BCF    2E.0
....................       } 
0061:  GOTO   064
....................       else{ 
....................          x = x - 1;           //MOVER 1 A LA IZQUIERDA AL TÍTULO 
0062:  MOVLW  01
0063:  SUBWF  2D,F
....................       } 
....................    } 
....................    set_timer0(cargaTMR0);     // Reponemos el timer0 
0064:  MOVF   2B,W
0065:  MOVWF  01
.................... } 
....................  
.................... //INTERRUPCIÓN POR CAMBIO EXTERNO EN RB4-RB7 PARA LOS BOTONES DEL MANDO 
0066:  BCF    0B.2
0067:  BCF    0A.3
0068:  BCF    0A.4
0069:  GOTO   02F
.................... #INT_RB 
.................... void botones(void)  
.................... { 
....................    estadoB4 = input(PIN_B4);     //OBTENER EL ESTADO DEL PIN_B4 
006A:  BCF    2E.1
006B:  BTFSC  06.4
006C:  BSF    2E.1
....................    estadoB5 = input(PIN_B5);     //OBTENER EL ESTADO DEL PIN_B5 
006D:  BCF    2E.2
006E:  BTFSC  06.5
006F:  BSF    2E.2
....................    estadoB6 = input(PIN_B6);     //OBTENER EL ESTADO DEL PIN_B6 
0070:  BCF    2E.3
0071:  BTFSC  06.6
0072:  BSF    2E.3
....................    estadoB7 = input(PIN_B7);     //OBTENER EL ESTADO DEL PIN_B7 
0073:  BCF    2E.4
0074:  BTFSC  06.7
0075:  BSF    2E.4
....................     
....................    //BOTÓN SIN PRESIONAR 
....................    if(estadoB4 == 1 && estadoB5 == 1 && estadoB6 == 1 && estadoB7 == 1){ 
0076:  BTFSS  2E.1
0077:  GOTO   080
0078:  BTFSS  2E.2
0079:  GOTO   080
007A:  BTFSS  2E.3
007B:  GOTO   080
007C:  BTFSS  2E.4
007D:  GOTO   080
....................       estadoMando = IDLE; 
007E:  CLRF   36
....................       output_low(PIN_D1);              // APAGAR EL LED QUE INDICA BOTÓN PRESIONADO 
007F:  BCF    08.1
....................    } 
....................     
....................    //BOTÓN ARRIBA 
....................    if(estadoB4 == 0){   
0080:  BTFSC  2E.1
0081:  GOTO   085
....................       estadoMando = ARRIBA; 
0082:  MOVLW  03
0083:  MOVWF  36
....................       output_high(PIN_D1);             // PRENDER EL LED QUE INDICA BOTÓN PRESIONADO 
0084:  BSF    08.1
....................    } 
....................     
....................    //BOTÓN ABAJO 
....................    if(estadoB5 == 0){   
0085:  BTFSC  2E.2
0086:  GOTO   08A
....................       estadoMando = ABAJO; 
0087:  MOVLW  04
0088:  MOVWF  36
....................       output_high(PIN_D1);             // PRENDER EL LED QUE INDICA BOTÓN PRESIONADO 
0089:  BSF    08.1
....................    } 
....................     
....................    //BOTÓN SELECT 
....................    if(estadoB6 == 0){   
008A:  BTFSC  2E.3
008B:  GOTO   08F
....................       estadoMando = SELECT; 
008C:  MOVLW  02
008D:  MOVWF  36
....................       output_high(PIN_D1);             // PRENDER EL LED QUE INDICA BOTÓN PRESIONADO 
008E:  BSF    08.1
....................    } 
....................     
....................    //BOTÓN START 
....................    if(estadoB7 == 0){   
008F:  BTFSC  2E.4
0090:  GOTO   094
....................       estadoMando = START; 
0091:  MOVLW  01
0092:  MOVWF  36
....................       output_high(PIN_D1);             // PRENDER EL LED QUE INDICA BOTÓN PRESIONADO 
0093:  BSF    08.1
....................    }  
0094:  BCF    0B.0
0095:  BCF    0A.3
0096:  BCF    0A.4
0097:  GOTO   02F
.................... } 
....................  
.................... void main() 
*
02B5:  MOVF   03,W
02B6:  ANDLW  1F
02B7:  MOVWF  03
02B8:  MOVLW  19
02B9:  BSF    03.5
02BA:  MOVWF  19
02BB:  MOVLW  A6
02BC:  MOVWF  18
02BD:  MOVLW  90
02BE:  BCF    03.5
02BF:  MOVWF  18
02C0:  MOVLW  3D
02C1:  MOVWF  2B
02C2:  CLRF   2C
02C3:  MOVLW  10
02C4:  MOVWF  2D
02C5:  BCF    2E.0
02C6:  CLRF   30
02C7:  CLRF   2F
02C8:  CLRF   32
02C9:  CLRF   31
02CA:  CLRF   33
02CB:  CLRF   34
02CC:  CLRF   35
02CD:  BSF    2E.1
02CE:  BSF    2E.2
02CF:  BSF    2E.3
02D0:  BSF    2E.4
02D1:  CLRF   36
02D2:  BSF    03.5
02D3:  BSF    1F.0
02D4:  BSF    1F.1
02D5:  BSF    1F.2
02D6:  BCF    1F.3
02D7:  MOVLW  07
02D8:  MOVWF  1C
02D9:  BCF    03.7
.................... { 
....................    //CONFIGURAR PINES DE ENTRADA Y SALIDA DE LOS PUERTOS A, B, C, D Y E 
....................    set_tris_A(0b11111111);       //TODOS LOS PINES DEL PUERTO A DE ENTRADA                      - ENTRADA DE BOTONES 
02DA:  MOVLW  FF
02DB:  MOVWF  05
....................    set_tris_B(0b11111111);       //TODOS LOS PINES DEL PUERTO B DE ENTRADA                      - ENTRADA DE BOTONES 
02DC:  MOVWF  06
....................    set_tris_C(0b10000000);       //PIN 7 DE ENTRADA (RX) Y PIN 6 DE SALIDA (TX) DEL PUERTO C    - TRANSMISIÓN Y RECEPCIÓN DE DATOS 
02DD:  MOVLW  80
02DE:  MOVWF  07
....................    set_tris_D(0b00000000);       //TODOS LOS PINES DEL PUERTO D DE SALIDA                       - LED INDICADOR Y LCD 
02DF:  MOVLW  00
02E0:  MOVWF  08
....................    set_tris_E(0b00000000);       //TODOS LOS PINES DEL PUERTO E DE SALIDA                       - LCD 
02E1:  BCF    09.0
02E2:  BCF    09.1
02E3:  BCF    09.2
....................     
....................    //ACTIVAR LAS RESISTENCIAS PULL-UPS DEL PUERTO B 
....................    port_b_pullups(1);    
02E4:  BCF    01.7
....................     
....................    //CONFIGURAR TMR0 
....................    setup_timer_0(T0_INTERNAL|T0_DIV_256);       //CONFIGURAR TIMER 0 COMO TEMPORIZADOR Y CON UN PRESESCALER DE 64 
02E5:  MOVF   01,W
02E6:  ANDLW  C0
02E7:  IORLW  07
02E8:  MOVWF  01
....................    set_timer0(cargaTMR0);                       //Carga del timerO 
02E9:  BCF    03.5
02EA:  MOVF   2B,W
02EB:  MOVWF  01
....................     
....................    //CONFIGURAR CONVERSOR ANALÓGICO - DIGITAL 
....................    setup_adc_ports(AN0_AN1_AN3);                //Definimos AN0 como entrada Analógica 
02EC:  BSF    03.5
02ED:  BCF    1F.0
02EE:  BCF    1F.1
02EF:  BSF    1F.2
02F0:  BCF    1F.3
....................    setup_adc(ADC_CLOCK_INTERNAL);               //Reloj de conversión - Reloj interno RC  
02F1:  BCF    1F.6
02F2:  BCF    03.5
02F3:  BSF    1F.6
02F4:  BSF    1F.7
02F5:  BSF    03.5
02F6:  BSF    1F.7
02F7:  BCF    03.5
02F8:  BSF    1F.0
....................     
....................    //ACTIVAR INTERRUPCIONES 
....................    enable_interrupts(INT_TIMER0);            //ACTIVAR INTERRUPCIÓN POR TIMER 0 
02F9:  BSF    0B.5
....................    enable_interrupts(INT_RB);                //ACTIVAR INTERRUPCIÓN POR CAMBIO EN RB4-RB7 
02FA:  BSF    0B.3
....................    enable_interrupts(GLOBAL);                //ACTIVAR INTERRUPCIONES GLOBALES 
02FB:  MOVLW  C0
02FC:  IORWF  0B,F
....................     
....................    //INICIAR LCD 
....................    lcd_init(); 
02FD:  GOTO   1DB
....................     
....................    //PRENDER LED INDICADOR DE FUNCIONAMIENTO E INICIAR APAGADO EL LED QUE INDICA QUE SE HA PRESIONADO UN BOTÓN 
....................    output_high(PIN_D0);   
02FE:  BSF    08.0
....................    output_low(PIN_D1); 
02FF:  BCF    08.1
....................     
....................    while(TRUE) 
....................    { 
....................       //TRANSMITIR DATOS 
....................       putc(estadoMando);               //TRANSMITIR EL VALOR DE estadoMando 
0300:  MOVF   36,W
0301:  BTFSS  0C.4
0302:  GOTO   301
0303:  MOVWF  19
....................       delay_ms(50); 
0304:  MOVLW  32
0305:  MOVWF  3C
0306:  CALL   10E
....................       //TÍTULO DINÁMICO 
....................       if(x == 16 && borrado == 0){ 
0307:  MOVF   2D,W
0308:  SUBLW  10
0309:  BTFSS  03.2
030A:  GOTO   315
030B:  BTFSC  2E.0
030C:  GOTO   315
....................          lcd_putc("\f"); 
030D:  MOVLW  98
030E:  BSF    03.6
030F:  MOVWF  0D
0310:  MOVLW  00
0311:  MOVWF  0F
0312:  BCF    03.6
0313:  CALL   25F
....................          borrado = 1; 
0314:  BSF    2E.0
....................       } 
....................       //INICIAR EN EL PRIMER RENGLÓN PARA ESCRIBIR TÍTULO, PERO DE MANERA DINÁMICA 
....................       lcd_gotoxy(x,1); 
0315:  MOVF   2D,W
0316:  MOVWF  3B
0317:  MOVLW  01
0318:  MOVWF  3C
0319:  CALL   221
....................       lcd_putc("ING. MECATRONICA\n"); 
031A:  MOVLW  99
031B:  BSF    03.6
031C:  MOVWF  0D
031D:  MOVLW  00
031E:  MOVWF  0F
031F:  BCF    03.6
0320:  CALL   25F
....................        
....................       //INICIAR EN EL SEGUNDO RENGLÓN PARA ESCRIBIR QUE BOTÓN SE HA PRESIONADO 
....................       lcd_gotoxy(1,2); 
0321:  MOVLW  01
0322:  MOVWF  3B
0323:  MOVLW  02
0324:  MOVWF  3C
0325:  CALL   221
....................        
....................       //LECTURA DEL JOYSTICK 
....................       set_adc_channel(0);        //SELECCIONAMOS EL CANAL 0 (EJE X) 
0326:  MOVLW  00
0327:  MOVWF  78
0328:  MOVF   1F,W
0329:  ANDLW  C7
032A:  IORWF  78,W
032B:  MOVWF  1F
....................       delay_us(20);              //RETARDAR 20 us 
032C:  MOVLW  06
032D:  MOVWF  77
032E:  DECFSZ 77,F
032F:  GOTO   32E
0330:  NOP
....................       joyX = read_adc();         //VALOR DE LA LECTURA DEL CANAL 0 (EJE X) 
0331:  BSF    1F.2
0332:  BTFSC  1F.2
0333:  GOTO   332
0334:  BSF    03.5
0335:  MOVF   1E,W
0336:  BCF    03.5
0337:  MOVWF  2F
0338:  MOVF   1E,W
0339:  MOVWF  30
....................        
....................       set_adc_channel(1);        //SELECCIONAMOS EL CANAL 1 (EJE Y) 
033A:  MOVLW  08
033B:  MOVWF  78
033C:  MOVF   1F,W
033D:  ANDLW  C7
033E:  IORWF  78,W
033F:  MOVWF  1F
....................       delay_us(20);              //RETARDAR 20 us 
0340:  MOVLW  06
0341:  MOVWF  77
0342:  DECFSZ 77,F
0343:  GOTO   342
0344:  NOP
....................       joyY = read_adc();         //VALOR DE LA LECTURA DEL CANAL 1 (EJE Y) 
0345:  BSF    1F.2
0346:  BTFSC  1F.2
0347:  GOTO   346
0348:  BSF    03.5
0349:  MOVF   1E,W
034A:  BCF    03.5
034B:  MOVWF  31
034C:  MOVF   1E,W
034D:  MOVWF  32
....................        
....................       //////////////////////////////////////////////////////////////////////////////// 
....................       //ESTADO DEL MANDO SEGÚN LA POSICIÓN DEL JOYSTICK 
....................       //////////////////////////////////////////////////////////////////////////////// 
....................       //EJE X 
....................       if(joyX >= 480 && joyX <= 544){ 
034E:  MOVF   30,W
034F:  SUBLW  00
0350:  BTFSC  03.0
0351:  GOTO   367
0352:  XORLW  FF
0353:  BTFSS  03.2
0354:  GOTO   359
0355:  MOVF   2F,W
0356:  SUBLW  DF
0357:  BTFSC  03.0
0358:  GOTO   367
0359:  MOVF   30,W
035A:  SUBLW  02
035B:  BTFSS  03.0
035C:  GOTO   367
035D:  BTFSS  03.2
035E:  GOTO   363
035F:  MOVF   2F,W
0360:  SUBLW  20
0361:  BTFSS  03.0
0362:  GOTO   367
....................          estadoJoyX = 0;         //VELOCIDAD X IGUAL A 0 
0363:  CLRF   33
....................          posJoystick = 40; 
0364:  MOVLW  28
0365:  MOVWF  35
....................       } 
0366:  GOTO   3EA
....................       else if(joyX >= 0 && joyX <= 170){ 
0367:  MOVF   30,F
0368:  BTFSS  03.2
0369:  GOTO   373
036A:  MOVF   2F,W
036B:  SUBLW  AA
036C:  BTFSS  03.0
036D:  GOTO   373
....................          estadoJoyX = -3;         //VELOCIDAD NEGATIVA X ALTA 
036E:  MOVLW  FD
036F:  MOVWF  33
....................          posJoystick = 10; 
0370:  MOVLW  0A
0371:  MOVWF  35
....................       } 
0372:  GOTO   3EA
....................       else if(joyX >= 171 && joyX <= 340){ 
0373:  MOVF   30,F
0374:  BTFSS  03.2
0375:  GOTO   37A
0376:  MOVF   2F,W
0377:  SUBLW  AA
0378:  BTFSC  03.0
0379:  GOTO   389
037A:  MOVF   30,W
037B:  SUBLW  01
037C:  BTFSS  03.0
037D:  GOTO   389
037E:  BTFSS  03.2
037F:  GOTO   384
0380:  MOVF   2F,W
0381:  SUBLW  54
0382:  BTFSS  03.0
0383:  GOTO   389
....................          estadoJoyX = -2;         //VELOCIDAD NEGATIVA X MEDIA 
0384:  MOVLW  FE
0385:  MOVWF  33
....................          posJoystick = 20; 
0386:  MOVLW  14
0387:  MOVWF  35
....................       } 
0388:  GOTO   3EA
....................       else if(joyX >= 341 && joyX <= 479){ 
0389:  MOVF   30,W
038A:  SUBLW  00
038B:  BTFSC  03.0
038C:  GOTO   3A3
038D:  XORLW  FF
038E:  BTFSS  03.2
038F:  GOTO   394
0390:  MOVF   2F,W
0391:  SUBLW  54
0392:  BTFSC  03.0
0393:  GOTO   3A3
0394:  MOVF   30,W
0395:  SUBLW  01
0396:  BTFSS  03.0
0397:  GOTO   3A3
0398:  BTFSS  03.2
0399:  GOTO   39E
039A:  MOVF   2F,W
039B:  SUBLW  DF
039C:  BTFSS  03.0
039D:  GOTO   3A3
....................          estadoJoyX = -1;         //VELOCIDAD NEGATIVA X BAJA 
039E:  MOVLW  FF
039F:  MOVWF  33
....................          posJoystick = 30; 
03A0:  MOVLW  1E
03A1:  MOVWF  35
....................       } 
03A2:  GOTO   3EA
....................       else if(joyX >= 545 && joyX <= 683){ 
03A3:  MOVF   30,W
03A4:  SUBLW  01
03A5:  BTFSC  03.0
03A6:  GOTO   3BD
03A7:  XORLW  FF
03A8:  BTFSS  03.2
03A9:  GOTO   3AE
03AA:  MOVF   2F,W
03AB:  SUBLW  20
03AC:  BTFSC  03.0
03AD:  GOTO   3BD
03AE:  MOVF   30,W
03AF:  SUBLW  02
03B0:  BTFSS  03.0
03B1:  GOTO   3BD
03B2:  BTFSS  03.2
03B3:  GOTO   3B8
03B4:  MOVF   2F,W
03B5:  SUBLW  AB
03B6:  BTFSS  03.0
03B7:  GOTO   3BD
....................          estadoJoyX = 1;          //VELOCIDAD POSITIVA X BAJA 
03B8:  MOVLW  01
03B9:  MOVWF  33
....................          posJoystick = 50; 
03BA:  MOVLW  32
03BB:  MOVWF  35
....................       } 
03BC:  GOTO   3EA
....................       else if(joyX >= 684 && joyX <= 853){ 
03BD:  MOVF   30,W
03BE:  SUBLW  01
03BF:  BTFSC  03.0
03C0:  GOTO   3D7
03C1:  XORLW  FF
03C2:  BTFSS  03.2
03C3:  GOTO   3C8
03C4:  MOVF   2F,W
03C5:  SUBLW  AB
03C6:  BTFSC  03.0
03C7:  GOTO   3D7
03C8:  MOVF   30,W
03C9:  SUBLW  03
03CA:  BTFSS  03.0
03CB:  GOTO   3D7
03CC:  BTFSS  03.2
03CD:  GOTO   3D2
03CE:  MOVF   2F,W
03CF:  SUBLW  55
03D0:  BTFSS  03.0
03D1:  GOTO   3D7
....................          estadoJoyX = 2;          //VELOCIDAD POSITIVA X MEDIA 
03D2:  MOVLW  02
03D3:  MOVWF  33
....................          posJoystick = 60; 
03D4:  MOVLW  3C
03D5:  MOVWF  35
....................       } 
03D6:  GOTO   3EA
....................       else if(joyX >= 854 && joyX <= 1023){ 
03D7:  MOVF   30,W
03D8:  SUBLW  02
03D9:  BTFSC  03.0
03DA:  GOTO   3EA
03DB:  XORLW  FF
03DC:  BTFSS  03.2
03DD:  GOTO   3E2
03DE:  MOVF   2F,W
03DF:  SUBLW  55
03E0:  BTFSC  03.0
03E1:  GOTO   3EA
03E2:  MOVF   30,W
03E3:  SUBLW  03
03E4:  BTFSS  03.0
03E5:  GOTO   3EA
....................          estadoJoyX = 3;          //VELOCIDAD POSITIVA X ALTA 
03E6:  MOVLW  03
03E7:  MOVWF  33
....................          posJoystick = 70; 
03E8:  MOVLW  46
03E9:  MOVWF  35
....................       } 
....................       ///////////////////////////////////////////////////////////////////////// 
....................       //EJE Y 
....................       if(joyY >= 480 && joyY <= 544){ 
03EA:  MOVF   32,W
03EB:  SUBLW  00
03EC:  BTFSC  03.0
03ED:  GOTO   403
03EE:  XORLW  FF
03EF:  BTFSS  03.2
03F0:  GOTO   3F5
03F1:  MOVF   31,W
03F2:  SUBLW  DF
03F3:  BTFSC  03.0
03F4:  GOTO   403
03F5:  MOVF   32,W
03F6:  SUBLW  02
03F7:  BTFSS  03.0
03F8:  GOTO   403
03F9:  BTFSS  03.2
03FA:  GOTO   3FF
03FB:  MOVF   31,W
03FC:  SUBLW  20
03FD:  BTFSS  03.0
03FE:  GOTO   403
....................          estadoJoyY = 0;         //VELOCIDAD Y IGUAL A 0 
03FF:  CLRF   34
....................          posJoystick = posJoystick + 4; 
0400:  MOVLW  04
0401:  ADDWF  35,F
....................       } 
0402:  GOTO   486
....................       else if(joyY >= 0 && joyY <= 170){ 
0403:  MOVF   32,F
0404:  BTFSS  03.2
0405:  GOTO   40F
0406:  MOVF   31,W
0407:  SUBLW  AA
0408:  BTFSS  03.0
0409:  GOTO   40F
....................          estadoJoyY = -3;         //VELOCIDAD NEGATIVA Y ALTA 
040A:  MOVLW  FD
040B:  MOVWF  34
....................          posJoystick = posJoystick + 1; 
040C:  MOVLW  01
040D:  ADDWF  35,F
....................       } 
040E:  GOTO   486
....................       else if(joyY >= 171 && joyY <= 340){ 
040F:  MOVF   32,F
0410:  BTFSS  03.2
0411:  GOTO   416
0412:  MOVF   31,W
0413:  SUBLW  AA
0414:  BTFSC  03.0
0415:  GOTO   425
0416:  MOVF   32,W
0417:  SUBLW  01
0418:  BTFSS  03.0
0419:  GOTO   425
041A:  BTFSS  03.2
041B:  GOTO   420
041C:  MOVF   31,W
041D:  SUBLW  54
041E:  BTFSS  03.0
041F:  GOTO   425
....................          estadoJoyY = -2;         //VELOCIDAD NEGATIVA Y MEDIA 
0420:  MOVLW  FE
0421:  MOVWF  34
....................          posJoystick = posJoystick + 2; 
0422:  MOVLW  02
0423:  ADDWF  35,F
....................       } 
0424:  GOTO   486
....................       else if(joyY >= 341 && joyY <= 479){ 
0425:  MOVF   32,W
0426:  SUBLW  00
0427:  BTFSC  03.0
0428:  GOTO   43F
0429:  XORLW  FF
042A:  BTFSS  03.2
042B:  GOTO   430
042C:  MOVF   31,W
042D:  SUBLW  54
042E:  BTFSC  03.0
042F:  GOTO   43F
0430:  MOVF   32,W
0431:  SUBLW  01
0432:  BTFSS  03.0
0433:  GOTO   43F
0434:  BTFSS  03.2
0435:  GOTO   43A
0436:  MOVF   31,W
0437:  SUBLW  DF
0438:  BTFSS  03.0
0439:  GOTO   43F
....................          estadoJoyY = -1;         //VELOCIDAD NEGATIVA Y BAJA 
043A:  MOVLW  FF
043B:  MOVWF  34
....................          posJoystick = posJoystick + 3; 
043C:  MOVLW  03
043D:  ADDWF  35,F
....................       } 
043E:  GOTO   486
....................       else if(joyY >= 545 && joyY <= 683){ 
043F:  MOVF   32,W
0440:  SUBLW  01
0441:  BTFSC  03.0
0442:  GOTO   459
0443:  XORLW  FF
0444:  BTFSS  03.2
0445:  GOTO   44A
0446:  MOVF   31,W
0447:  SUBLW  20
0448:  BTFSC  03.0
0449:  GOTO   459
044A:  MOVF   32,W
044B:  SUBLW  02
044C:  BTFSS  03.0
044D:  GOTO   459
044E:  BTFSS  03.2
044F:  GOTO   454
0450:  MOVF   31,W
0451:  SUBLW  AB
0452:  BTFSS  03.0
0453:  GOTO   459
....................          estadoJoyY = 1;          //VELOCIDAD POSITIVA Y BAJA 
0454:  MOVLW  01
0455:  MOVWF  34
....................          posJoystick = posJoystick + 5; 
0456:  MOVLW  05
0457:  ADDWF  35,F
....................       } 
0458:  GOTO   486
....................       else if(joyY >= 684 && joyY <= 853){ 
0459:  MOVF   32,W
045A:  SUBLW  01
045B:  BTFSC  03.0
045C:  GOTO   473
045D:  XORLW  FF
045E:  BTFSS  03.2
045F:  GOTO   464
0460:  MOVF   31,W
0461:  SUBLW  AB
0462:  BTFSC  03.0
0463:  GOTO   473
0464:  MOVF   32,W
0465:  SUBLW  03
0466:  BTFSS  03.0
0467:  GOTO   473
0468:  BTFSS  03.2
0469:  GOTO   46E
046A:  MOVF   31,W
046B:  SUBLW  55
046C:  BTFSS  03.0
046D:  GOTO   473
....................          estadoJoyY = 2;          //VELOCIDAD POSITIVA Y MEDIA 
046E:  MOVLW  02
046F:  MOVWF  34
....................          posJoystick = posJoystick + 6; 
0470:  MOVLW  06
0471:  ADDWF  35,F
....................       } 
0472:  GOTO   486
....................       else if(joyY >= 854 && joyY <= 1023){ 
0473:  MOVF   32,W
0474:  SUBLW  02
0475:  BTFSC  03.0
0476:  GOTO   486
0477:  XORLW  FF
0478:  BTFSS  03.2
0479:  GOTO   47E
047A:  MOVF   31,W
047B:  SUBLW  55
047C:  BTFSC  03.0
047D:  GOTO   486
047E:  MOVF   32,W
047F:  SUBLW  03
0480:  BTFSS  03.0
0481:  GOTO   486
....................          estadoJoyY = 3;          //VELOCIDAD POSITIVA Y ALTA 
0482:  MOVLW  03
0483:  MOVWF  34
....................          posJoystick = posJoystick + 7; 
0484:  MOVLW  07
0485:  ADDWF  35,F
....................       } 
....................       //////////////////////////////////////////////////////////////////////////////// 
....................        
....................       //MANDAR A ESTADO SIN ACCIÓN SI NADA ESTÁ SIENDO PRESIONADO O A ESTADO JOYSTICK SI HAY ALGUNA VELOCIDAD DISTINTA A 0, SEA EN X O Y 
....................       if(estadoJoyX == 0 && estadoJoyY == 0 && estadoB4 == 1 && estadoB5 == 1 && estadoB6 == 1 && estadoB7 == 1){ 
0486:  MOVF   33,F
0487:  BTFSS  03.2
0488:  GOTO   494
0489:  MOVF   34,F
048A:  BTFSS  03.2
048B:  GOTO   494
048C:  BTFSS  2E.1
048D:  GOTO   494
048E:  BTFSS  2E.2
048F:  GOTO   494
0490:  BTFSS  2E.3
0491:  GOTO   494
0492:  BTFSC  2E.4
....................          estadoMando = IDLE; 
0493:  CLRF   36
....................       } 
....................       if((estadoJoyX != 0 || estadoJoyY != 0) && estadoB4 == 1 && estadoB5 == 1 && estadoB6 == 1 && estadoB7 == 1){ 
0494:  MOVF   33,F
0495:  BTFSS  03.2
0496:  GOTO   49A
0497:  MOVF   34,F
0498:  BTFSC  03.2
0499:  GOTO   4A4
049A:  BTFSS  2E.1
049B:  GOTO   4A4
049C:  BTFSS  2E.2
049D:  GOTO   4A4
049E:  BTFSS  2E.3
049F:  GOTO   4A4
04A0:  BTFSS  2E.4
04A1:  GOTO   4A4
....................          estadoMando = JOYSTICK; 
04A2:  MOVLW  05
04A3:  MOVWF  36
....................       } 
....................        
....................       //ESTRUCTURA PARA ESCRIBIR EN EL LCD SEGÚN EL ESTADO 
....................       switch(estadoMando){ 
04A4:  MOVF   36,W
04A5:  ADDLW  FA
04A6:  BTFSC  03.0
04A7:  GOTO   5AA
04A8:  ADDLW  06
04A9:  GOTO   5AC
....................          case IDLE: 
....................             lcd_putc("SIN ACCION      "); 
04AA:  MOVLW  A2
04AB:  BSF    03.6
04AC:  MOVWF  0D
04AD:  MOVLW  00
04AE:  MOVWF  0F
04AF:  BCF    03.6
04B0:  CALL   25F
....................             estadoMando = 0; 
04B1:  CLRF   36
....................             //TRANSMITIR DATOS 
....................             putc(estadoMando);               //TRANSMITIR EL VALOR DE estadoMando 
04B2:  MOVF   36,W
04B3:  BTFSS  0C.4
04B4:  GOTO   4B3
04B5:  MOVWF  19
....................             delay_ms(50); 
04B6:  MOVLW  32
04B7:  MOVWF  3C
04B8:  CALL   10E
....................             break; 
04B9:  GOTO   5AA
....................              
....................          case START: 
....................             lcd_putc("START           "); 
04BA:  MOVLW  AB
04BB:  BSF    03.6
04BC:  MOVWF  0D
04BD:  MOVLW  00
04BE:  MOVWF  0F
04BF:  BCF    03.6
04C0:  CALL   25F
....................             estadoMando = 1; 
04C1:  MOVLW  01
04C2:  MOVWF  36
....................             //TRANSMITIR DATOS 
....................             putc(estadoMando);               //TRANSMITIR EL VALOR DE estadoMando 
04C3:  MOVF   36,W
04C4:  BTFSS  0C.4
04C5:  GOTO   4C4
04C6:  MOVWF  19
....................             delay_ms(50); 
04C7:  MOVLW  32
04C8:  MOVWF  3C
04C9:  CALL   10E
....................             break; 
04CA:  GOTO   5AA
....................              
....................          case SELECT: 
....................             lcd_putc("SELECT          "); 
04CB:  MOVLW  B4
04CC:  BSF    03.6
04CD:  MOVWF  0D
04CE:  MOVLW  00
04CF:  MOVWF  0F
04D0:  BCF    03.6
04D1:  CALL   25F
....................             estadoMando = 2; 
04D2:  MOVLW  02
04D3:  MOVWF  36
....................             //TRANSMITIR DATOS 
....................             putc(estadoMando);               //TRANSMITIR EL VALOR DE estadoMando 
04D4:  MOVF   36,W
04D5:  BTFSS  0C.4
04D6:  GOTO   4D5
04D7:  MOVWF  19
....................             delay_ms(50); 
04D8:  MOVLW  32
04D9:  MOVWF  3C
04DA:  CALL   10E
....................             break; 
04DB:  GOTO   5AA
....................              
....................          case ARRIBA: 
....................             lcd_putc("ARRIBA          "); 
04DC:  MOVLW  BD
04DD:  BSF    03.6
04DE:  MOVWF  0D
04DF:  MOVLW  00
04E0:  MOVWF  0F
04E1:  BCF    03.6
04E2:  CALL   25F
....................             estadoMando = 3; 
04E3:  MOVLW  03
04E4:  MOVWF  36
....................             //TRANSMITIR DATOS 
....................             putc(estadoMando);               //TRANSMITIR EL VALOR DE estadoMando 
04E5:  MOVF   36,W
04E6:  BTFSS  0C.4
04E7:  GOTO   4E6
04E8:  MOVWF  19
....................             delay_ms(50); 
04E9:  MOVLW  32
04EA:  MOVWF  3C
04EB:  CALL   10E
....................             break; 
04EC:  GOTO   5AA
....................              
....................          case ABAJO: 
....................             lcd_putc("ABAJO           "); 
04ED:  MOVLW  C6
04EE:  BSF    03.6
04EF:  MOVWF  0D
04F0:  MOVLW  00
04F1:  MOVWF  0F
04F2:  BCF    03.6
04F3:  CALL   25F
....................             estadoMando = 4; 
04F4:  MOVLW  04
04F5:  MOVWF  36
....................             //TRANSMITIR DATOS 
....................             putc(estadoMando);               //TRANSMITIR EL VALOR DE estadoMando 
04F6:  MOVF   36,W
04F7:  BTFSS  0C.4
04F8:  GOTO   4F7
04F9:  MOVWF  19
....................             delay_ms(50); 
04FA:  MOVLW  32
04FB:  MOVWF  3C
04FC:  CALL   10E
....................             break; 
04FD:  GOTO   5AA
....................              
....................          case JOYSTICK: 
....................             //DEFINIR EL ESTADO DEL MANDO COMO UN NÚMERO DE 2 CIFRAS EN LA QUE LA PRIMERA INDICA EL EJE X Y LA SEGUNDA INDICA EL EJE Y 
....................             estadoMando = posJoystick; 
04FE:  MOVF   35,W
04FF:  MOVWF  36
....................             
....................             //INICIAR EN EL SEGUNDO RENGLÓN Y EN LA COLUMNA 1 PARA ESCRIBIR LO DEL EJE X 
....................             lcd_gotoxy(1,2); 
0500:  MOVLW  01
0501:  MOVWF  3B
0502:  MOVLW  02
0503:  MOVWF  3C
0504:  CALL   221
....................             //ESCRIBIR DIRECCIÓN, SENTIDO Y MAGNITUD DE LA VELOCIDAD EN X 
....................             if(estadoJoyX == -3){ 
0505:  MOVF   33,W
0506:  SUBLW  FD
0507:  BTFSS  03.2
0508:  GOTO   511
....................                lcd_putc("-Xalta  "); 
0509:  MOVLW  CF
050A:  BSF    03.6
050B:  MOVWF  0D
050C:  MOVLW  00
050D:  MOVWF  0F
050E:  BCF    03.6
050F:  CALL   25F
....................             } 
0510:  GOTO   555
....................             else if(estadoJoyX == -2){ 
0511:  MOVF   33,W
0512:  SUBLW  FE
0513:  BTFSS  03.2
0514:  GOTO   51D
....................                lcd_putc("-Xmedia "); 
0515:  MOVLW  D4
0516:  BSF    03.6
0517:  MOVWF  0D
0518:  MOVLW  00
0519:  MOVWF  0F
051A:  BCF    03.6
051B:  CALL   25F
....................             } 
051C:  GOTO   555
....................             else if(estadoJoyX == -1){ 
051D:  MOVF   33,W
051E:  SUBLW  FF
051F:  BTFSS  03.2
0520:  GOTO   529
....................                lcd_putc("-Xbaja  "); 
0521:  MOVLW  D9
0522:  BSF    03.6
0523:  MOVWF  0D
0524:  MOVLW  00
0525:  MOVWF  0F
0526:  BCF    03.6
0527:  CALL   25F
....................             } 
0528:  GOTO   555
....................             else if(estadoJoyX == 0){ 
0529:  MOVF   33,F
052A:  BTFSS  03.2
052B:  GOTO   534
....................                lcd_putc("-X_NO   "); 
052C:  MOVLW  DE
052D:  BSF    03.6
052E:  MOVWF  0D
052F:  MOVLW  00
0530:  MOVWF  0F
0531:  BCF    03.6
0532:  CALL   25F
....................             } 
0533:  GOTO   555
....................             else if(estadoJoyX == 1){ 
0534:  DECFSZ 33,W
0535:  GOTO   53E
....................                lcd_putc("+Xbaja  "); 
0536:  MOVLW  E3
0537:  BSF    03.6
0538:  MOVWF  0D
0539:  MOVLW  00
053A:  MOVWF  0F
053B:  BCF    03.6
053C:  CALL   25F
....................             } 
053D:  GOTO   555
....................             else if(estadoJoyX == 2){ 
053E:  MOVF   33,W
053F:  SUBLW  02
0540:  BTFSS  03.2
0541:  GOTO   54A
....................                lcd_putc("+Xmedia "); 
0542:  MOVLW  E8
0543:  BSF    03.6
0544:  MOVWF  0D
0545:  MOVLW  00
0546:  MOVWF  0F
0547:  BCF    03.6
0548:  CALL   25F
....................             } 
0549:  GOTO   555
....................             else if(estadoJoyX == 3){ 
054A:  MOVF   33,W
054B:  SUBLW  03
054C:  BTFSS  03.2
054D:  GOTO   555
....................                lcd_putc("+Xalta  "); 
054E:  MOVLW  ED
054F:  BSF    03.6
0550:  MOVWF  0D
0551:  MOVLW  00
0552:  MOVWF  0F
0553:  BCF    03.6
0554:  CALL   25F
....................             } 
....................              
....................             //INICIAR EN EL SEGUNDO RENGLÓN Y EN LA COLUMNA 9 PARA ESCRIBIR LO DEL EJE Y 
....................             lcd_gotoxy(9,2); 
0555:  MOVLW  09
0556:  MOVWF  3B
0557:  MOVLW  02
0558:  MOVWF  3C
0559:  CALL   221
....................             //ESCRIBIR DIRECCIÓN, SENTIDO Y MAGNITUD DE LA VELOCIDAD EN Y 
....................             if(estadoJoyY == -3){ 
055A:  MOVF   34,W
055B:  SUBLW  FD
055C:  BTFSS  03.2
055D:  GOTO   566
....................                lcd_putc("-Yalta "); 
055E:  MOVLW  F2
055F:  BSF    03.6
0560:  MOVWF  0D
0561:  MOVLW  00
0562:  MOVWF  0F
0563:  BCF    03.6
0564:  CALL   25F
....................             } 
0565:  GOTO   5AA
....................             else if(estadoJoyY == -2){ 
0566:  MOVF   34,W
0567:  SUBLW  FE
0568:  BTFSS  03.2
0569:  GOTO   572
....................                lcd_putc("-Ymedia"); 
056A:  MOVLW  F6
056B:  BSF    03.6
056C:  MOVWF  0D
056D:  MOVLW  00
056E:  MOVWF  0F
056F:  BCF    03.6
0570:  CALL   25F
....................             } 
0571:  GOTO   5AA
....................             else if(estadoJoyY == -1){ 
0572:  MOVF   34,W
0573:  SUBLW  FF
0574:  BTFSS  03.2
0575:  GOTO   57E
....................                lcd_putc("-Ybaja "); 
0576:  MOVLW  FA
0577:  BSF    03.6
0578:  MOVWF  0D
0579:  MOVLW  00
057A:  MOVWF  0F
057B:  BCF    03.6
057C:  CALL   25F
....................             } 
057D:  GOTO   5AA
....................             else if(estadoJoyY == 0){ 
057E:  MOVF   34,F
057F:  BTFSS  03.2
0580:  GOTO   589
....................                lcd_putc("-Y_NO  "); 
0581:  MOVLW  FE
0582:  BSF    03.6
0583:  MOVWF  0D
0584:  MOVLW  00
0585:  MOVWF  0F
0586:  BCF    03.6
0587:  CALL   25F
....................             } 
0588:  GOTO   5AA
....................             else if(estadoJoyY == 1){ 
0589:  DECFSZ 34,W
058A:  GOTO   593
....................                lcd_putc("+Ybaja "); 
058B:  MOVLW  02
058C:  BSF    03.6
058D:  MOVWF  0D
058E:  MOVLW  01
058F:  MOVWF  0F
0590:  BCF    03.6
0591:  CALL   25F
....................             } 
0592:  GOTO   5AA
....................             else if(estadoJoyY == 2){ 
0593:  MOVF   34,W
0594:  SUBLW  02
0595:  BTFSS  03.2
0596:  GOTO   59F
....................                lcd_putc("+Ymedia"); 
0597:  MOVLW  06
0598:  BSF    03.6
0599:  MOVWF  0D
059A:  MOVLW  01
059B:  MOVWF  0F
059C:  BCF    03.6
059D:  CALL   25F
....................             } 
059E:  GOTO   5AA
....................             else if(estadoJoyY == 3){ 
059F:  MOVF   34,W
05A0:  SUBLW  03
05A1:  BTFSS  03.2
05A2:  GOTO   5AA
....................                lcd_putc("+Yalta "); 
05A3:  MOVLW  0A
05A4:  BSF    03.6
05A5:  MOVWF  0D
05A6:  MOVLW  01
05A7:  MOVWF  0F
05A8:  BCF    03.6
05A9:  CALL   25F
....................             } 
....................             break; 
....................       } 
05AA:  GOTO   300
....................    } 
.................... } 
05AB:  SLEEP

Configuration Fuses:
   Word  1: 3F31   XT NOWDT PUT NOBROWNOUT NOLVP NOCPD NOWRT NODEBUG NOPROTECT
